Archive member included because of file (symbol)

/usr/local/angstrom/arm/lib/gcc/arm-angstrom-linux-gnueabi/4.3.3/libgcc.a(_udivsi3.o)
                              arch/arm/cpu/arm926ejs/davinci/libdavinci.o (__aeabi_uidiv)
/usr/local/angstrom/arm/lib/gcc/arm-angstrom-linux-gnueabi/4.3.3/libgcc.a(_divsi3.o)
                              arch/arm/cpu/arm926ejs/davinci/libdavinci.o (__aeabi_idiv)
/usr/local/angstrom/arm/lib/gcc/arm-angstrom-linux-gnueabi/4.3.3/libgcc.a(_dvmd_lnx.o)
                              /usr/local/angstrom/arm/lib/gcc/arm-angstrom-linux-gnueabi/4.3.3/libgcc.a(_udivsi3.o) (__div0)

Discarded input sections

 .data          0x00000000        0x0 arch/arm/cpu/arm926ejs/start.o
 .bss           0x00000000        0x0 arch/arm/cpu/arm926ejs/start.o
 .text.set_cpu_clk_info
                0x00000000        0x0 arch/arm/cpu/arm926ejs/davinci/libdavinci.o
 .text.cpu_eth_init
                0x00000000        0x0 arch/arm/cpu/arm926ejs/davinci/libdavinci.o
 .text.dvevm_read_mac_address
                0x00000000        0x0 arch/arm/cpu/arm926ejs/davinci/libdavinci.o
 .text.davinci_emac_mii_mode_sel
                0x00000000        0x0 arch/arm/cpu/arm926ejs/davinci/libdavinci.o
 .text.irq_init
                0x00000000        0x0 arch/arm/cpu/arm926ejs/davinci/libdavinci.o
 .text.davinci_sync_env_enetaddr
                0x00000000        0x0 arch/arm/cpu/arm926ejs/davinci/libdavinci.o
 .text.get_tbclk
                0x00000000        0x0 arch/arm/cpu/arm926ejs/davinci/libdavinci.o
 .text.lpsc_disable
                0x00000000        0x0 arch/arm/cpu/arm926ejs/davinci/libdavinci.o
 .text.reset_cpu
                0x00000000        0x0 arch/arm/cpu/arm926ejs/davinci/libdavinci.o
 .text.lxt972_is_phy_connected
                0x00000000        0x0 arch/arm/cpu/arm926ejs/davinci/libdavinci.o
 .text.lxt972_get_link_speed
                0x00000000        0x0 arch/arm/cpu/arm926ejs/davinci/libdavinci.o
 .text.lxt972_init_phy
                0x00000000        0x0 arch/arm/cpu/arm926ejs/davinci/libdavinci.o
 .text.lxt972_auto_negotiate
                0x00000000        0x0 arch/arm/cpu/arm926ejs/davinci/libdavinci.o
 .text.dp83848_get_link_speed
                0x00000000        0x0 arch/arm/cpu/arm926ejs/davinci/libdavinci.o
 .text.dp83848_is_phy_connected
                0x00000000        0x0 arch/arm/cpu/arm926ejs/davinci/libdavinci.o
 .text.dp83848_auto_negotiate
                0x00000000        0x0 arch/arm/cpu/arm926ejs/davinci/libdavinci.o
 .text.dp83848_init_phy
                0x00000000        0x0 arch/arm/cpu/arm926ejs/davinci/libdavinci.o
 .text.et1011c_get_link_speed
                0x00000000        0x0 arch/arm/cpu/arm926ejs/davinci/libdavinci.o
 .text.ksz8873_get_link_speed
                0x00000000        0x0 arch/arm/cpu/arm926ejs/davinci/libdavinci.o
 .text.ksz8873_init_phy
                0x00000000        0x0 arch/arm/cpu/arm926ejs/davinci/libdavinci.o
 .text.ksz8873_auto_negotiate
                0x00000000        0x0 arch/arm/cpu/arm926ejs/davinci/libdavinci.o
 .text.ksz8873_is_phy_connected
                0x00000000        0x0 arch/arm/cpu/arm926ejs/davinci/libdavinci.o
 .text.spl_boot_mode
                0x00000000        0x0 arch/arm/cpu/arm926ejs/davinci/libdavinci.o
 .rodata.str1.4
                0x00000000        0x0 arch/arm/cpu/arm926ejs/davinci/libdavinci.o
 .rodata.uart0_pins_txrx
                0x00000000        0x0 arch/arm/cpu/arm926ejs/davinci/libdavinci.o
 .rodata.uart1_pins_txrx
                0x00000000        0x0 arch/arm/cpu/arm926ejs/davinci/libdavinci.o
 .rodata.emac_pins_rmii
                0x00000000        0x0 arch/arm/cpu/arm926ejs/davinci/libdavinci.o
 .rodata.i2c1_pins
                0x00000000        0x0 arch/arm/cpu/arm926ejs/davinci/libdavinci.o
 .rodata.emifa_pins_cs2
                0x00000000        0x0 arch/arm/cpu/arm926ejs/davinci/libdavinci.o
 .rodata.emifa_pins_cs3
                0x00000000        0x0 arch/arm/cpu/arm926ejs/davinci/libdavinci.o
 .rodata.emifa_pins_cs4
                0x00000000        0x0 arch/arm/cpu/arm926ejs/davinci/libdavinci.o
 .rodata.emifa_pins_nand
                0x00000000        0x0 arch/arm/cpu/arm926ejs/davinci/libdavinci.o
 .rodata.emifa_pins_nor
                0x00000000        0x0 arch/arm/cpu/arm926ejs/davinci/libdavinci.o
 .data          0x00000000        0x0 arch/arm/cpu/arm926ejs/davinci/libdavinci.o
 .bss           0x00000000        0x0 arch/arm/cpu/arm926ejs/davinci/libdavinci.o
 .text          0x00000000        0x0 arch/arm/cpu/arm926ejs/libarm926ejs.o
 .text.cleanup_before_linux
                0x00000000        0x0 arch/arm/cpu/arm926ejs/libarm926ejs.o
 .text.invalidate_dcache_all
                0x00000000        0x0 arch/arm/cpu/arm926ejs/libarm926ejs.o
 .text.flush_dcache_all
                0x00000000        0x0 arch/arm/cpu/arm926ejs/libarm926ejs.o
 .text.check_cache_range
                0x00000000        0x0 arch/arm/cpu/arm926ejs/libarm926ejs.o
 .text.invalidate_dcache_range
                0x00000000        0x0 arch/arm/cpu/arm926ejs/libarm926ejs.o
 .text.flush_dcache_range
                0x00000000        0x0 arch/arm/cpu/arm926ejs/libarm926ejs.o
 .text.flush_cache
                0x00000000        0x0 arch/arm/cpu/arm926ejs/libarm926ejs.o
 .text.__l2_cache_disable
                0x00000000        0x0 arch/arm/cpu/arm926ejs/libarm926ejs.o
 .data          0x00000000        0x0 arch/arm/cpu/arm926ejs/libarm926ejs.o
 .bss           0x00000000        0x0 arch/arm/cpu/arm926ejs/libarm926ejs.o
 .text          0x00000000        0x0 arch/arm/lib/libarm.o
 .text.board_init_f
                0x00000000        0x0 arch/arm/lib/libarm.o
 .text.__flush_cache
                0x00000000        0x0 arch/arm/lib/libarm.o
 .text.__flush_dcache_all
                0x00000000        0x0 arch/arm/lib/libarm.o
 .text.__enable_caches
                0x00000000        0x0 arch/arm/lib/libarm.o
 .text.__arm_init_before_mmu
                0x00000000        0x0 arch/arm/lib/libarm.o
 .text.cp_delay
                0x00000000        0x0 arch/arm/lib/libarm.o
 .text.cache_enable
                0x00000000        0x0 arch/arm/lib/libarm.o
 .text.icache_enable
                0x00000000        0x0 arch/arm/lib/libarm.o
 .text.icache_status
                0x00000000        0x0 arch/arm/lib/libarm.o
 .text.dcache_enable
                0x00000000        0x0 arch/arm/lib/libarm.o
 .text.dcache_status
                0x00000000        0x0 arch/arm/lib/libarm.o
 .text.cache_disable
                0x00000000        0x0 arch/arm/lib/libarm.o
 .text.dcache_disable
                0x00000000        0x0 arch/arm/lib/libarm.o
 .text.icache_disable
                0x00000000        0x0 arch/arm/lib/libarm.o
 .rodata.str1.4
                0x00000000        0x0 arch/arm/lib/libarm.o
 .bss           0x00000000        0x0 arch/arm/lib/libarm.o
 .text          0x00000000        0x0 board/davinci/da8xxevm/libda8xxevm.o
 .text.dsp_lpsc_on
                0x00000000        0x0 board/davinci/da8xxevm/libda8xxevm.o
 .text.board_eth_init
                0x00000000        0x0 board/davinci/da8xxevm/libda8xxevm.o
 .text.board_init
                0x00000000        0x0 board/davinci/da8xxevm/libda8xxevm.o
 .text.board_early_init_f
                0x00000000        0x0 board/davinci/da8xxevm/libda8xxevm.o
 .text.get_board_rev
                0x00000000        0x0 board/davinci/da8xxevm/libda8xxevm.o
 .text.board_mmc_init
                0x00000000        0x0 board/davinci/da8xxevm/libda8xxevm.o
 .text.misc_init_r
                0x00000000        0x0 board/davinci/da8xxevm/libda8xxevm.o
 .rodata.str1.4
                0x00000000        0x0 board/davinci/da8xxevm/libda8xxevm.o
 .data          0x00000000        0x0 board/davinci/da8xxevm/libda8xxevm.o
 .data.mmc_sd0  0x00000000        0x0 board/davinci/da8xxevm/libda8xxevm.o
 .bss           0x00000000        0x0 board/davinci/da8xxevm/libda8xxevm.o
 .text          0x00000000        0x0 common/libcommon.o
 .text.console_setfile
                0x00000000        0x0 common/libcommon.o
 .text.fgetc    0x00000000        0x0 common/libcommon.o
 .text.ftstc    0x00000000        0x0 common/libcommon.o
 .text.fputc    0x00000000        0x0 common/libcommon.o
 .text.disable_ctrlc
                0x00000000        0x0 common/libcommon.o
 .text.had_ctrlc
                0x00000000        0x0 common/libcommon.o
 .text.clear_ctrlc
                0x00000000        0x0 common/libcommon.o
 .text.dbg      0x00000000        0x0 common/libcommon.o
 .text.console_init_f
                0x00000000        0x0 common/libcommon.o
 .text.search_device
                0x00000000        0x0 common/libcommon.o
 .text.console_assign
                0x00000000        0x0 common/libcommon.o
 .text.fprintf  0x00000000        0x0 common/libcommon.o
 .text.vprintf  0x00000000        0x0 common/libcommon.o
 .text.stdio_print_current_devices
                0x00000000        0x0 common/libcommon.o
 .text.console_init_r
                0x00000000        0x0 common/libcommon.o
 .text.serial_printf
                0x00000000        0x0 common/libcommon.o
 .text.putc     0x00000000        0x0 common/libcommon.o
 .text.tstc     0x00000000        0x0 common/libcommon.o
 .text.getc     0x00000000        0x0 common/libcommon.o
 .text.ctrlc    0x00000000        0x0 common/libcommon.o
 .text.malloc_usable_size
                0x00000000        0x0 common/libcommon.o
 .text.mallopt  0x00000000        0x0 common/libcommon.o
 .text.cfree    0x00000000        0x0 common/libcommon.o
 .text.memalign
                0x00000000        0x0 common/libcommon.o
 .text.pvalloc  0x00000000        0x0 common/libcommon.o
 .text.valloc   0x00000000        0x0 common/libcommon.o
 .text.calloc   0x00000000        0x0 common/libcommon.o
 .text.realloc  0x00000000        0x0 common/libcommon.o
 .text.image_multi_count
                0x00000000        0x0 common/libcommon.o
 .text.get_table_entry_name
                0x00000000        0x0 common/libcommon.o
 .text.genimg_get_os_name
                0x00000000        0x0 common/libcommon.o
 .text.genimg_get_arch_name
                0x00000000        0x0 common/libcommon.o
 .text.genimg_get_type_name
                0x00000000        0x0 common/libcommon.o
 .text.genimg_get_comp_name
                0x00000000        0x0 common/libcommon.o
 .text.genimg_get_image
                0x00000000        0x0 common/libcommon.o
 .text.genimg_has_config
                0x00000000        0x0 common/libcommon.o
 .text.getenv_yesno
                0x00000000        0x0 common/libcommon.o
 .text.getenv_bootm_low
                0x00000000        0x0 common/libcommon.o
 .text.get_table_entry_id
                0x00000000        0x0 common/libcommon.o
 .text.genimg_get_comp_id
                0x00000000        0x0 common/libcommon.o
 .text.genimg_get_type_id
                0x00000000        0x0 common/libcommon.o
 .text.genimg_get_arch_id
                0x00000000        0x0 common/libcommon.o
 .text.genimg_get_os_id
                0x00000000        0x0 common/libcommon.o
 .text.genimg_get_format
                0x00000000        0x0 common/libcommon.o
 .text.image_multi_getimg
                0x00000000        0x0 common/libcommon.o
 .text.genimg_print_size
                0x00000000        0x0 common/libcommon.o
 .text.memmove_wd
                0x00000000        0x0 common/libcommon.o
 .text.boot_ramdisk_high
                0x00000000        0x0 common/libcommon.o
 .text.getenv_bootm_size
                0x00000000        0x0 common/libcommon.o
 .text.getenv_bootm_mapsize
                0x00000000        0x0 common/libcommon.o
 .text.image_check_hcrc
                0x00000000        0x0 common/libcommon.o
 .text.image_check_dcrc
                0x00000000        0x0 common/libcommon.o
 .text.image_print_contents
                0x00000000        0x0 common/libcommon.o
 .text.boot_get_ramdisk
                0x00000000        0x0 common/libcommon.o
 .text.get_ram_size
                0x00000000        0x0 common/libcommon.o
 .text.stdio_get_list
                0x00000000        0x0 common/libcommon.o
 .text.stdio_clone
                0x00000000        0x0 common/libcommon.o
 .text.stdio_register
                0x00000000        0x0 common/libcommon.o
 .text.stdio_init
                0x00000000        0x0 common/libcommon.o
 .text.stdio_get_by_name
                0x00000000        0x0 common/libcommon.o
 .rodata.str1.4
                0x00000000        0x0 common/libcommon.o
 .rodata.uimage_comp
                0x00000000        0x0 common/libcommon.o
 .rodata.uimage_type
                0x00000000        0x0 common/libcommon.o
 .rodata.uimage_arch
                0x00000000        0x0 common/libcommon.o
 .rodata.uimage_os
                0x00000000        0x0 common/libcommon.o
 .data          0x00000000        0x0 common/libcommon.o
 .data.mmap_threshold
                0x00000000        0x0 common/libcommon.o
 .data.stdio_names
                0x00000000        0x0 common/libcommon.o
 .bss           0x00000000        0x0 common/libcommon.o
 .bss.ctrlc_was_pressed
                0x00000000        0x0 common/libcommon.o
 .bss.ctrlc_disabled
                0x00000000        0x0 common/libcommon.o
 .bss.n_mmaps_max
                0x00000000        0x0 common/libcommon.o
 .bss.devs      0x00000000        0x0 common/libcommon.o
 .text          0x00000000        0x0 common/spl/libspl.o
 .bss           0x00000000        0x0 common/spl/libspl.o
 .text          0x00000000        0x0 drivers/mtd/spi/libspi_flash.o
 .text.spi_flash_free
                0x00000000        0x0 drivers/mtd/spi/libspi_flash.o
 .text.spi_flash_cmd_write_status
                0x00000000        0x0 drivers/mtd/spi/libspi_flash.o
 .data          0x00000000        0x0 drivers/mtd/spi/libspi_flash.o
 .bss           0x00000000        0x0 drivers/mtd/spi/libspi_flash.o
 .text          0x00000000        0x0 drivers/serial/libserial.o
 .text.NS16550_reinit
                0x00000000        0x0 drivers/serial/libserial.o
 .text.NS16550_getc
                0x00000000        0x0 drivers/serial/libserial.o
 .text.NS16550_tstc
                0x00000000        0x0 drivers/serial/libserial.o
 .text._serial_setbrg
                0x00000000        0x0 drivers/serial/libserial.o
 .text.serial_setbrg
                0x00000000        0x0 drivers/serial/libserial.o
 .text._serial_tstc
                0x00000000        0x0 drivers/serial/libserial.o
 .text.serial_tstc
                0x00000000        0x0 drivers/serial/libserial.o
 .text._serial_getc
                0x00000000        0x0 drivers/serial/libserial.o
 .text.serial_getc
                0x00000000        0x0 drivers/serial/libserial.o
 .text._serial_putc_raw
                0x00000000        0x0 drivers/serial/libserial.o
 .text.serial_putc_raw
                0x00000000        0x0 drivers/serial/libserial.o
 .text.serial_putc
                0x00000000        0x0 drivers/serial/libserial.o
 .data          0x00000000        0x0 drivers/serial/libserial.o
 .bss           0x00000000        0x0 drivers/serial/libserial.o
 .text          0x00000000        0x0 drivers/spi/libspi.o
 .text.spi_init
                0x00000000        0x0 drivers/spi/libspi.o
 .text.spi_cs_activate
                0x00000000        0x0 drivers/spi/libspi.o
 .text.spi_cs_deactivate
                0x00000000        0x0 drivers/spi/libspi.o
 .data          0x00000000        0x0 drivers/spi/libspi.o
 .bss           0x00000000        0x0 drivers/spi/libspi.o
 .text          0x00000000        0x0 lib/libgeneric.o
 .text.crc32_no_comp
                0x00000000        0x0 lib/libgeneric.o
 .text.crc32    0x00000000        0x0 lib/libgeneric.o
 .text.crc32_wd
                0x00000000        0x0 lib/libgeneric.o
 .text.display_options
                0x00000000        0x0 lib/libgeneric.o
 .text.print_buffer
                0x00000000        0x0 lib/libgeneric.o
 .text.strcpy   0x00000000        0x0 lib/libgeneric.o
 .text.strncpy  0x00000000        0x0 lib/libgeneric.o
 .text.strcat   0x00000000        0x0 lib/libgeneric.o
 .text.strncat  0x00000000        0x0 lib/libgeneric.o
 .text.strcmp   0x00000000        0x0 lib/libgeneric.o
 .text.strncmp  0x00000000        0x0 lib/libgeneric.o
 .text.strchr   0x00000000        0x0 lib/libgeneric.o
 .text.skip_spaces
                0x00000000        0x0 lib/libgeneric.o
 .text.strlen   0x00000000        0x0 lib/libgeneric.o
 .text.strim    0x00000000        0x0 lib/libgeneric.o
 .text.strrchr  0x00000000        0x0 lib/libgeneric.o
 .text.strspn   0x00000000        0x0 lib/libgeneric.o
 .text.strpbrk  0x00000000        0x0 lib/libgeneric.o
 .text.strtok   0x00000000        0x0 lib/libgeneric.o
 .text.strsep   0x00000000        0x0 lib/libgeneric.o
 .text.strswab  0x00000000        0x0 lib/libgeneric.o
 .text.bcopy    0x00000000        0x0 lib/libgeneric.o
 .text.memcpy   0x00000000        0x0 lib/libgeneric.o
 .text.memmove  0x00000000        0x0 lib/libgeneric.o
 .text.memcmp   0x00000000        0x0 lib/libgeneric.o
 .text.memscan  0x00000000        0x0 lib/libgeneric.o
 .text.strstr   0x00000000        0x0 lib/libgeneric.o
 .text.memchr   0x00000000        0x0 lib/libgeneric.o
 .text.strdup   0x00000000        0x0 lib/libgeneric.o
 .text.mdelay   0x00000000        0x0 lib/libgeneric.o
 .text.simple_strtoul
                0x00000000        0x0 lib/libgeneric.o
 .text.simple_strtol
                0x00000000        0x0 lib/libgeneric.o
 .text.ustrtoul
                0x00000000        0x0 lib/libgeneric.o
 .text.simple_strtoull
                0x00000000        0x0 lib/libgeneric.o
 .text.simple_itoa
                0x00000000        0x0 lib/libgeneric.o
 .text.panic    0x00000000        0x0 lib/libgeneric.o
 .text.__assert_fail
                0x00000000        0x0 lib/libgeneric.o
 .text.sprintf  0x00000000        0x0 lib/libgeneric.o
 .text.strict_strtoul
                0x00000000        0x0 lib/libgeneric.o
 .rodata.crc_table
                0x00000000        0x0 lib/libgeneric.o
 .data          0x00000000        0x0 lib/libgeneric.o
 .bss           0x00000000        0x0 lib/libgeneric.o
 .bss.___strtok
                0x00000000        0x0 lib/libgeneric.o
 .bss.local.4084
                0x00000000        0x0 lib/libgeneric.o
 .text          0x00000000        0x0 /home/alison/Makerbot/u-boot/spl/arch/arm/lib/eabi_compat.o
 .data          0x00000000        0x0 /home/alison/Makerbot/u-boot/spl/arch/arm/lib/eabi_compat.o
 .bss           0x00000000        0x0 /home/alison/Makerbot/u-boot/spl/arch/arm/lib/eabi_compat.o
 .text.__aeabi_unwind_cpp_pr0
                0x00000000        0x0 /home/alison/Makerbot/u-boot/spl/arch/arm/lib/eabi_compat.o
 .text.__aeabi_unwind_cpp_pr1
                0x00000000        0x0 /home/alison/Makerbot/u-boot/spl/arch/arm/lib/eabi_compat.o
 .data          0x00000000        0x0 /usr/local/angstrom/arm/lib/gcc/arm-angstrom-linux-gnueabi/4.3.3/libgcc.a(_udivsi3.o)
 .bss           0x00000000        0x0 /usr/local/angstrom/arm/lib/gcc/arm-angstrom-linux-gnueabi/4.3.3/libgcc.a(_udivsi3.o)
 .data          0x00000000        0x0 /usr/local/angstrom/arm/lib/gcc/arm-angstrom-linux-gnueabi/4.3.3/libgcc.a(_divsi3.o)
 .bss           0x00000000        0x0 /usr/local/angstrom/arm/lib/gcc/arm-angstrom-linux-gnueabi/4.3.3/libgcc.a(_divsi3.o)
 .data          0x00000000        0x0 /usr/local/angstrom/arm/lib/gcc/arm-angstrom-linux-gnueabi/4.3.3/libgcc.a(_dvmd_lnx.o)
 .bss           0x00000000        0x0 /usr/local/angstrom/arm/lib/gcc/arm-angstrom-linux-gnueabi/4.3.3/libgcc.a(_dvmd_lnx.o)

Memory Configuration

Name             Origin             Length             Attributes
.sram            0x80000000         0x00008000
*default*        0x00000000         0xffffffff

Linker script and memory map

                0x00000000                . = 0x0
                0x00000000                . = ALIGN (0x4)

.text           0x80000000     0x3c3c
                0x80000000                __start = .
 arch/arm/cpu/arm926ejs/start.o(.text)
 .text          0x80000000       0xe0 arch/arm/cpu/arm926ejs/start.o
                0x80000050                IRQ_STACK_START_IN
                0x80000000                _start
                0x80000044                _bss_start_ofs
                0x80000048                _bss_end_ofs
                0x8000004c                _end_ofs
                0x80000040                _TEXT_BASE
 *(.text*)
 .text          0x800000e0        0x4 arch/arm/cpu/arm926ejs/davinci/libdavinci.o
                0x800000e0                lowlevel_init
 .text.clk_get  0x800000e4       0xc4 arch/arm/cpu/arm926ejs/davinci/libdavinci.o
                0x800000e4                clk_get
 .text.da8xx_configure_lpsc_items
                0x800001a8       0x30 arch/arm/cpu/arm926ejs/davinci/libdavinci.o
                0x800001a8                da8xx_configure_lpsc_items
 .text.get_ticks
                0x800001d8       0x48 arch/arm/cpu/arm926ejs/davinci/libdavinci.o
                0x800001d8                get_ticks
 .text.__udelay
                0x80000220       0x7c arch/arm/cpu/arm926ejs/davinci/libdavinci.o
                0x80000220                __udelay
 .text.get_timer
                0x8000029c       0x6c arch/arm/cpu/arm926ejs/davinci/libdavinci.o
                0x8000029c                get_timer
 .text.timer_init
                0x80000308       0x78 arch/arm/cpu/arm926ejs/davinci/libdavinci.o
                0x80000308                timer_init
 .text.lpsc_transition
                0x80000380       0xb4 arch/arm/cpu/arm926ejs/davinci/libdavinci.o
 .text.lpsc_on  0x80000434       0x18 arch/arm/cpu/arm926ejs/davinci/libdavinci.o
                0x80000434                lpsc_on
 .text.lpsc_syncreset
                0x8000044c       0x18 arch/arm/cpu/arm926ejs/davinci/libdavinci.o
                0x8000044c                lpsc_syncreset
 .text.davinci_configure_pin_mux
                0x80000464       0xc0 arch/arm/cpu/arm926ejs/davinci/libdavinci.o
                0x80000464                davinci_configure_pin_mux
 .text.davinci_configure_pin_mux_items
                0x80000524       0x54 arch/arm/cpu/arm926ejs/davinci/libdavinci.o
                0x80000524                davinci_configure_pin_mux_items
 .text.spl_boot_device
                0x80000578        0x8 arch/arm/cpu/arm926ejs/davinci/libdavinci.o
                0x80000578                spl_boot_device
 .text.spl_board_init
                0x80000580       0x14 arch/arm/cpu/arm926ejs/davinci/libdavinci.o
                0x80000580                spl_board_init
 .text.board_init_f
                0x80000594       0x44 arch/arm/cpu/arm926ejs/davinci/libdavinci.o
                0x80000594                board_init_f
 .text.da850_waitloop
                0x800005d8       0x20 arch/arm/cpu/arm926ejs/davinci/libdavinci.o
                0x800005d8                da850_waitloop
 .text.da850_pll_init
                0x800005f8      0x1cc arch/arm/cpu/arm926ejs/davinci/libdavinci.o
                0x800005f8                da850_pll_init
 .text.board_gpio_init
                0x800007c4        0x4 arch/arm/cpu/arm926ejs/davinci/libdavinci.o
                0x800007c4                board_gpio_init
 .text.da850_ddr_setup
                0x800007c8      0x140 arch/arm/cpu/arm926ejs/davinci/libdavinci.o
                0x800007c8                da850_ddr_setup
 .text.arch_cpu_init
                0x80000908      0x124 arch/arm/cpu/arm926ejs/davinci/libdavinci.o
                0x80000908                arch_cpu_init
 .text.fputs    0x80000a2c       0x30 common/libcommon.o
                0x80000a2c                fputs
 .text.puts     0x80000a5c       0x3c common/libcommon.o
                0x80000a5c                puts
 .text.printf   0x80000a98       0x60 common/libcommon.o
                0x80000a98                printf
 .text.mem_malloc_init
                0x80000af8       0x44 common/libcommon.o
                0x80000af8                mem_malloc_init
 .text.sbrk     0x80000b3c       0x74 common/libcommon.o
                0x80000b3c                sbrk
 .text.malloc_trim
                0x80000bb0       0xe4 common/libcommon.o
                0x80000bb0                malloc_trim
 .text.free     0x80000c94      0x270 common/libcommon.o
                0x80000c94                free
 .text.malloc   0x80000f04      0x6f4 common/libcommon.o
                0x80000f04                malloc
 .text.preloader_console_init
                0x800015f8       0x4c common/spl/libspl.o
                0x800015f8                preloader_console_init
 .text.hang     0x80001644       0x10 common/spl/libspl.o
                0x80001644                hang
 .text.board_init_r
                0x80001654       0x50 common/spl/libspl.o
                0x80001654                board_init_r
 .text.spl_parse_image_header
                0x800016a4      0x148 common/spl/libspl.o
                0x800016a4                spl_parse_image_header
 .text.spl_spi_load_image
                0x800017ec       0x88 drivers/mtd/spi/libspi_flash.o
                0x800017ec                spl_spi_load_image
 .text.spi_flash_addr
                0x80001874       0x18 drivers/mtd/spi/libspi_flash.o
 .text.spi_flash_read_write
                0x8000188c       0x6c drivers/mtd/spi/libspi_flash.o
 .text.spi_flash_cmd_write
                0x800018f8       0x24 drivers/mtd/spi/libspi_flash.o
                0x800018f8                spi_flash_cmd_write
 .text.spi_flash_cmd_read
                0x8000191c       0x24 drivers/mtd/spi/libspi_flash.o
                0x8000191c                spi_flash_cmd_read
 .text.spi_flash_read_common
                0x80001940       0x54 drivers/mtd/spi/libspi_flash.o
                0x80001940                spi_flash_read_common
 .text.spi_flash_cmd_read_fast
                0x80001994       0x54 drivers/mtd/spi/libspi_flash.o
                0x80001994                spi_flash_cmd_read_fast
 .text.spi_flash_cmd
                0x800019e8       0x30 drivers/mtd/spi/libspi_flash.o
                0x800019e8                spi_flash_cmd
 .text.spi_flash_probe
                0x80001a18      0x130 drivers/mtd/spi/libspi_flash.o
                0x80001a18                spi_flash_probe
 .text.spi_flash_cmd_poll_bit
                0x80001b48       0xc4 drivers/mtd/spi/libspi_flash.o
                0x80001b48                spi_flash_cmd_poll_bit
 .text.spi_flash_cmd_wait_ready
                0x80001c0c       0x1c drivers/mtd/spi/libspi_flash.o
                0x80001c0c                spi_flash_cmd_wait_ready
 .text.spi_flash_cmd_erase
                0x80001c28      0x108 drivers/mtd/spi/libspi_flash.o
                0x80001c28                spi_flash_cmd_erase
 .text.spi_flash_cmd_write_multi
                0x80001d30       0xfc drivers/mtd/spi/libspi_flash.o
                0x80001d30                spi_flash_cmd_write_multi
 .text.spi_flash_probe_stmicro
                0x80001e2c      0x114 drivers/mtd/spi/libspi_flash.o
                0x80001e2c                spi_flash_probe_stmicro
 .text.spi_flash_probe_winbond
                0x80001f40       0xbc drivers/mtd/spi/libspi_flash.o
                0x80001f40                spi_flash_probe_winbond
 .text.NS16550_init
                0x80001ffc       0x68 drivers/serial/libserial.o
                0x80001ffc                NS16550_init
 .text.NS16550_putc
                0x80002064       0x18 drivers/serial/libserial.o
                0x80002064                NS16550_putc
 .text.calc_divisor
                0x8000207c       0x68 drivers/serial/libserial.o
 .text._serial_putc
                0x800020e4       0x4c drivers/serial/libserial.o
                0x800020e4                _serial_putc
 .text._serial_puts
                0x80002130       0x3c drivers/serial/libserial.o
                0x80002130                _serial_puts
 .text.serial_puts
                0x8000216c       0x18 drivers/serial/libserial.o
                0x8000216c                serial_puts
 .text.serial_init
                0x80002184       0x28 drivers/serial/libserial.o
                0x80002184                serial_init
 .text.spi_release_bus
                0x800021ac       0x10 drivers/spi/libspi.o
                0x800021ac                spi_release_bus
 .text.davinci_spi_write
                0x800021bc       0xbc drivers/spi/libspi.o
 .text.spi_xfer
                0x80002278      0x1b4 drivers/spi/libspi.o
                0x80002278                spi_xfer
 .text.spi_cs_is_valid
                0x8000242c       0x10 drivers/spi/libspi.o
                0x8000242c                spi_cs_is_valid
 .text.spi_claim_bus
                0x8000243c       0xf0 drivers/spi/libspi.o
                0x8000243c                spi_claim_bus
 .text.spi_free_slave
                0x8000252c       0x14 drivers/spi/libspi.o
                0x8000252c                spi_free_slave
 .text.spi_setup_slave
                0x80002540       0x74 drivers/spi/libspi.o
                0x80002540                spi_setup_slave
 .text.print_size
                0x800025b4      0x188 lib/libgeneric.o
                0x800025b4                print_size
 .text.__div64_32
                0x8000273c      0x150 lib/libgeneric.o
                0x8000273c                __div64_32
 .text.strnlen  0x8000288c       0x48 lib/libgeneric.o
                0x8000288c                strnlen
 .text.memset   0x800028d4       0x88 lib/libgeneric.o
                0x800028d4                memset
 .text.udelay   0x8000295c       0x30 lib/libgeneric.o
                0x8000295c                udelay
 .text.skip_atoi
                0x8000298c       0x54 lib/libgeneric.o
 .text.put_dec_trunc
                0x800029e0      0x138 lib/libgeneric.o
 .text.string   0x80002b18       0xe4 lib/libgeneric.o
 .text.put_dec  0x80002bfc      0x1cc lib/libgeneric.o
 .text.number   0x80002dc8      0x2e4 lib/libgeneric.o
 .text.vsprintf
                0x800030ac      0x91c lib/libgeneric.o
                0x800030ac                vsprintf
 .text.raise    0x800039c8        0x8 /home/alison/Makerbot/u-boot/spl/arch/arm/lib/eabi_compat.o
                0x800039c8                raise
 .text          0x800039d0      0x114 /usr/local/angstrom/arm/lib/gcc/arm-angstrom-linux-gnueabi/4.3.3/libgcc.a(_udivsi3.o)
                0x800039d0                __udivsi3
                0x800039d0                __aeabi_uidiv
                0x80003acc                __aeabi_uidivmod
 .text          0x80003ae4      0x144 /usr/local/angstrom/arm/lib/gcc/arm-angstrom-linux-gnueabi/4.3.3/libgcc.a(_divsi3.o)
                0x80003ae4                __aeabi_idiv
                0x80003ae4                __divsi3
                0x80003c10                __aeabi_idivmod
 .text          0x80003c28       0x14 /usr/local/angstrom/arm/lib/gcc/arm-angstrom-linux-gnueabi/4.3.3/libgcc.a(_dvmd_lnx.o)
                0x80003c28                __div0

.glue_7         0x00000000        0x0
 .glue_7        0x00000000        0x0 arch/arm/cpu/arm926ejs/start.o
 .glue_7        0x00000000        0x0 arch/arm/cpu/arm926ejs/davinci/libdavinci.o
 .glue_7        0x00000000        0x0 arch/arm/cpu/arm926ejs/libarm926ejs.o
 .glue_7        0x00000000        0x0 arch/arm/lib/libarm.o
 .glue_7        0x00000000        0x0 board/davinci/da8xxevm/libda8xxevm.o
 .glue_7        0x00000000        0x0 common/libcommon.o
 .glue_7        0x00000000        0x0 common/spl/libspl.o
 .glue_7        0x00000000        0x0 drivers/mtd/spi/libspi_flash.o
 .glue_7        0x00000000        0x0 drivers/serial/libserial.o
 .glue_7        0x00000000        0x0 drivers/spi/libspi.o
 .glue_7        0x00000000        0x0 lib/libgeneric.o
 .glue_7        0x00000000        0x0 /home/alison/Makerbot/u-boot/spl/arch/arm/lib/eabi_compat.o
 .glue_7        0x00000000        0x0 /usr/local/angstrom/arm/lib/gcc/arm-angstrom-linux-gnueabi/4.3.3/libgcc.a(_udivsi3.o)
 .glue_7        0x00000000        0x0 /usr/local/angstrom/arm/lib/gcc/arm-angstrom-linux-gnueabi/4.3.3/libgcc.a(_divsi3.o)
 .glue_7        0x00000000        0x0 /usr/local/angstrom/arm/lib/gcc/arm-angstrom-linux-gnueabi/4.3.3/libgcc.a(_dvmd_lnx.o)

.glue_7t        0x00000000        0x0
 .glue_7t       0x00000000        0x0 arch/arm/cpu/arm926ejs/start.o
 .glue_7t       0x00000000        0x0 arch/arm/cpu/arm926ejs/davinci/libdavinci.o
 .glue_7t       0x00000000        0x0 arch/arm/cpu/arm926ejs/libarm926ejs.o
 .glue_7t       0x00000000        0x0 arch/arm/lib/libarm.o
 .glue_7t       0x00000000        0x0 board/davinci/da8xxevm/libda8xxevm.o
 .glue_7t       0x00000000        0x0 common/libcommon.o
 .glue_7t       0x00000000        0x0 common/spl/libspl.o
 .glue_7t       0x00000000        0x0 drivers/mtd/spi/libspi_flash.o
 .glue_7t       0x00000000        0x0 drivers/serial/libserial.o
 .glue_7t       0x00000000        0x0 drivers/spi/libspi.o
 .glue_7t       0x00000000        0x0 lib/libgeneric.o
 .glue_7t       0x00000000        0x0 /home/alison/Makerbot/u-boot/spl/arch/arm/lib/eabi_compat.o
 .glue_7t       0x00000000        0x0 /usr/local/angstrom/arm/lib/gcc/arm-angstrom-linux-gnueabi/4.3.3/libgcc.a(_udivsi3.o)
 .glue_7t       0x00000000        0x0 /usr/local/angstrom/arm/lib/gcc/arm-angstrom-linux-gnueabi/4.3.3/libgcc.a(_divsi3.o)
 .glue_7t       0x00000000        0x0 /usr/local/angstrom/arm/lib/gcc/arm-angstrom-linux-gnueabi/4.3.3/libgcc.a(_dvmd_lnx.o)

.vfp11_veneer   0x00000000        0x0
 .vfp11_veneer  0x00000000        0x0 arch/arm/cpu/arm926ejs/start.o
 .vfp11_veneer  0x00000000        0x0 arch/arm/cpu/arm926ejs/davinci/libdavinci.o
 .vfp11_veneer  0x00000000        0x0 arch/arm/cpu/arm926ejs/libarm926ejs.o
 .vfp11_veneer  0x00000000        0x0 arch/arm/lib/libarm.o
 .vfp11_veneer  0x00000000        0x0 board/davinci/da8xxevm/libda8xxevm.o
 .vfp11_veneer  0x00000000        0x0 common/libcommon.o
 .vfp11_veneer  0x00000000        0x0 common/spl/libspl.o
 .vfp11_veneer  0x00000000        0x0 drivers/mtd/spi/libspi_flash.o
 .vfp11_veneer  0x00000000        0x0 drivers/serial/libserial.o
 .vfp11_veneer  0x00000000        0x0 drivers/spi/libspi.o
 .vfp11_veneer  0x00000000        0x0 lib/libgeneric.o
 .vfp11_veneer  0x00000000        0x0 /home/alison/Makerbot/u-boot/spl/arch/arm/lib/eabi_compat.o
 .vfp11_veneer  0x00000000        0x0 /usr/local/angstrom/arm/lib/gcc/arm-angstrom-linux-gnueabi/4.3.3/libgcc.a(_udivsi3.o)
 .vfp11_veneer  0x00000000        0x0 /usr/local/angstrom/arm/lib/gcc/arm-angstrom-linux-gnueabi/4.3.3/libgcc.a(_divsi3.o)
 .vfp11_veneer  0x00000000        0x0 /usr/local/angstrom/arm/lib/gcc/arm-angstrom-linux-gnueabi/4.3.3/libgcc.a(_dvmd_lnx.o)
                0x00000000                . = ALIGN (0x4)

.rodata         0x80003c3c      0x5be
 *(SORT(.rodata*))
 .rodata.spi1_pins_base
                0x80003c3c       0x18 arch/arm/cpu/arm926ejs/davinci/libdavinci.o
                0x80003c3c                spi1_pins_base
 .rodata.spi1_pins_scs0
                0x80003c54        0x8 arch/arm/cpu/arm926ejs/davinci/libdavinci.o
                0x80003c54                spi1_pins_scs0
 .rodata.uart2_pins_txrx
                0x80003c5c       0x10 arch/arm/cpu/arm926ejs/davinci/libdavinci.o
                0x80003c5c                uart2_pins_txrx
 .rodata.uart2_pins_rtscts
                0x80003c6c       0x10 arch/arm/cpu/arm926ejs/davinci/libdavinci.o
                0x80003c6c                uart2_pins_rtscts
 .rodata.emac_pins_mii
                0x80003c7c       0x78 arch/arm/cpu/arm926ejs/davinci/libdavinci.o
                0x80003c7c                emac_pins_mii
 .rodata.emac_pins_mdio
                0x80003cf4       0x10 arch/arm/cpu/arm926ejs/davinci/libdavinci.o
                0x80003cf4                emac_pins_mdio
 .rodata.i2c0_pins
                0x80003d04       0x10 arch/arm/cpu/arm926ejs/davinci/libdavinci.o
                0x80003d04                i2c0_pins
 .rodata.mmc0_pins
                0x80003d14       0x30 arch/arm/cpu/arm926ejs/davinci/libdavinci.o
                0x80003d14                mmc0_pins
 .rodata.pinmuxes
                0x80003d44       0x48 board/davinci/da8xxevm/libda8xxevm.o
                0x80003d44                pinmuxes
 .rodata.pinmuxes_size
                0x80003d8c        0x4 board/davinci/da8xxevm/libda8xxevm.o
                0x80003d8c                pinmuxes_size
 .rodata.lpsc   0x80003d90       0x18 board/davinci/da8xxevm/libda8xxevm.o
                0x80003d90                lpsc
 .rodata.lpsc_size
                0x80003da8        0x4 board/davinci/da8xxevm/libda8xxevm.o
                0x80003da8                lpsc_size
 .rodata.gpio_pins
                0x80003dac        0x8 board/davinci/da8xxevm/libda8xxevm.o
 .rodata.str1.4
                0x80003db4       0x77 common/spl/libspl.o
                                 0x78 (size before relaxing)
 *fill*         0x80003e2b        0x1 00
 .rodata.str1.4
                0x80003e2c      0x12f drivers/mtd/spi/libspi_flash.o
                                0x134 (size before relaxing)
 *fill*         0x80003f5b        0x1 00
 .rodata.flashes
                0x80003f5c       0x18 drivers/mtd/spi/libspi_flash.o
 .rodata.stmicro_spi_flash_table
                0x80003f74       0x84 drivers/mtd/spi/libspi_flash.o
 .rodata.winbond_spi_flash_table
                0x80003ff8       0x50 drivers/mtd/spi/libspi_flash.o
 .rodata.serial_ports
                0x80004048       0x10 drivers/serial/libserial.o
 .rodata.str1.4
                0x80004058       0x78 lib/libgeneric.o
 .rodata.hex_asc
                0x800040d0       0x14 lib/libgeneric.o
                0x800040d0                hex_asc
 .rodata.digits.3740
                0x800040e4       0x10 lib/libgeneric.o
 .rodata._ctype
                0x800040f4      0x100 lib/libgeneric.o
                0x800040f4                _ctype
 .rodata.names.3611
                0x800041f4        0x6 lib/libgeneric.o
                0x800041fc                . = ALIGN (0x4)

.data           0x80004200      0x4cc
 *(SORT(.data*))
 .data          0x80004200       0x78 arch/arm/lib/libarm.o
                0x80004200                gdata
 .data.sysdiv   0x80004278       0x24 arch/arm/cpu/arm926ejs/davinci/libdavinci.o
                0x80004278                sysdiv
 .data.trim_threshold
                0x8000429c        0x4 common/libcommon.o
 .data.av_      0x800042a0      0x408 common/libcommon.o
 .data.sbrk_base
                0x800046a8        0x4 common/libcommon.o
 .data          0x800046ac       0x20 common/spl/libspl.o
                0x800046cc                . = ALIGN (0x4)

.rel.dyn        0x800046cc        0x0
                0x800046cc                __rel_dyn_start = .
 *(.rel*)
                0x800046cc                __rel_dyn_end = .

.dynsym         0x800046cc        0x0
                0x800046cc                __dynsym_start = .
 *(.dynsym)

.bss            0x800046cc       0x68
                0x800046cc                . = ALIGN (0x4)
                0x800046cc                __bss_start = .
 *(.bss*)
 .bss.mem_malloc_start
                0x800046cc        0x4 common/libcommon.o
                0x800046cc                mem_malloc_start
 .bss.mem_malloc_end
                0x800046d0        0x4 common/libcommon.o
                0x800046d0                mem_malloc_end
 .bss.mem_malloc_brk
                0x800046d4        0x4 common/libcommon.o
                0x800046d4                mem_malloc_brk
 .bss.top_pad   0x800046d8        0x4 common/libcommon.o
 .bss.current_mallinfo
                0x800046dc       0x28 common/libcommon.o
 .bss.max_sbrked_mem
                0x80004704        0x4 common/libcommon.o
 .bss.max_total_mem
                0x80004708        0x4 common/libcommon.o
 .bss.stdio_devices
                0x8000470c        0xc common/libcommon.o
                0x8000470c                stdio_devices
 .bss.boot_params_ptr
                0x80004718        0x4 common/spl/libspl.o
                0x80004718                boot_params_ptr
 .bss.spl_image
                0x8000471c       0x18 common/spl/libspl.o
                0x8000471c                spl_image
                0x80004734                . = ALIGN (0x4)
                0x80004734                __bss_end__ = .
                0x80004734                __image_copy_end = .
                0x80004734                _end = .
Address of section .text set to 0x80000000
LOAD arch/arm/cpu/arm926ejs/start.o
START GROUP
LOAD arch/arm/cpu/arm926ejs/davinci/libdavinci.o
LOAD arch/arm/cpu/arm926ejs/libarm926ejs.o
LOAD arch/arm/lib/libarm.o
LOAD board/davinci/da8xxevm/libda8xxevm.o
LOAD common/libcommon.o
LOAD common/spl/libspl.o
LOAD drivers/mtd/spi/libspi_flash.o
LOAD drivers/serial/libserial.o
LOAD drivers/spi/libspi.o
LOAD lib/libgeneric.o
END GROUP
LOAD /home/alison/Makerbot/u-boot/spl/arch/arm/lib/eabi_compat.o
LOAD /usr/local/angstrom/arm/lib/gcc/arm-angstrom-linux-gnueabi/4.3.3/libgcc.a
OUTPUT(u-boot-spl elf32-littlearm)

.ARM.attributes
                0x00000000       0x27
 .ARM.attributes
                0x00000000       0x19 arch/arm/cpu/arm926ejs/start.o
 .ARM.attributes
                0x00000019       0x29 arch/arm/cpu/arm926ejs/davinci/libdavinci.o
 .ARM.attributes
                0x00000042       0x29 arch/arm/cpu/arm926ejs/libarm926ejs.o
 .ARM.attributes
                0x0000006b       0x29 arch/arm/lib/libarm.o
 .ARM.attributes
                0x00000094       0x29 board/davinci/da8xxevm/libda8xxevm.o
 .ARM.attributes
                0x000000bd       0x29 common/libcommon.o
 .ARM.attributes
                0x000000e6       0x29 common/spl/libspl.o
 .ARM.attributes
                0x0000010f       0x29 drivers/mtd/spi/libspi_flash.o
 .ARM.attributes
                0x00000138       0x29 drivers/serial/libserial.o
 .ARM.attributes
                0x00000161       0x29 drivers/spi/libspi.o
 .ARM.attributes
                0x0000018a       0x29 lib/libgeneric.o
 .ARM.attributes
                0x000001b3       0x29 /home/alison/Makerbot/u-boot/spl/arch/arm/lib/eabi_compat.o
 .ARM.attributes
                0x000001dc       0x14 /usr/local/angstrom/arm/lib/gcc/arm-angstrom-linux-gnueabi/4.3.3/libgcc.a(_udivsi3.o)
 .ARM.attributes
                0x000001f0       0x14 /usr/local/angstrom/arm/lib/gcc/arm-angstrom-linux-gnueabi/4.3.3/libgcc.a(_divsi3.o)
 .ARM.attributes
                0x00000204       0x14 /usr/local/angstrom/arm/lib/gcc/arm-angstrom-linux-gnueabi/4.3.3/libgcc.a(_dvmd_lnx.o)

.debug_line     0x00000000     0x446c
 .debug_line    0x00000000       0x65 arch/arm/cpu/arm926ejs/start.o
 .debug_line    0x00000065     0x11dd arch/arm/cpu/arm926ejs/davinci/libdavinci.o
 .debug_line    0x00001242      0x218 arch/arm/cpu/arm926ejs/libarm926ejs.o
 .debug_line    0x0000145a      0x3e8 arch/arm/lib/libarm.o
 .debug_line    0x00001842      0x274 board/davinci/da8xxevm/libda8xxevm.o
 .debug_line    0x00001ab6      0xcd9 common/libcommon.o
 .debug_line    0x0000278f      0x1da common/spl/libspl.o
 .debug_line    0x00002969      0x604 drivers/mtd/spi/libspi_flash.o
 .debug_line    0x00002f6d      0x343 drivers/serial/libserial.o
 .debug_line    0x000032b0      0x278 drivers/spi/libspi.o
 .debug_line    0x00003528      0xb86 lib/libgeneric.o
 .debug_line    0x000040ae       0xf4 /home/alison/Makerbot/u-boot/spl/arch/arm/lib/eabi_compat.o
 .debug_line    0x000041a2       0xf6 /usr/local/angstrom/arm/lib/gcc/arm-angstrom-linux-gnueabi/4.3.3/libgcc.a(_udivsi3.o)
 .debug_line    0x00004298      0x102 /usr/local/angstrom/arm/lib/gcc/arm-angstrom-linux-gnueabi/4.3.3/libgcc.a(_divsi3.o)
 .debug_line    0x0000439a       0xd2 /usr/local/angstrom/arm/lib/gcc/arm-angstrom-linux-gnueabi/4.3.3/libgcc.a(_dvmd_lnx.o)

.debug_info     0x00000000    0x149a8
 .debug_info    0x00000000       0x62 arch/arm/cpu/arm926ejs/start.o
 .debug_info    0x00000062     0x6c56 arch/arm/cpu/arm926ejs/davinci/libdavinci.o
 .debug_info    0x00006cb8      0x6f0 arch/arm/cpu/arm926ejs/libarm926ejs.o
 .debug_info    0x000073a8      0xfc3 arch/arm/lib/libarm.o
 .debug_info    0x0000836b     0x129c board/davinci/da8xxevm/libda8xxevm.o
 .debug_info    0x00009607     0x3e3b common/libcommon.o
 .debug_info    0x0000d442      0x932 common/spl/libspl.o
 .debug_info    0x0000dd74     0x1bd4 drivers/mtd/spi/libspi_flash.o
 .debug_info    0x0000f948     0x108d drivers/serial/libserial.o
 .debug_info    0x000109d5     0x104b drivers/spi/libspi.o
 .debug_info    0x00011a20     0x27db lib/libgeneric.o
 .debug_info    0x000141fb      0x30c /home/alison/Makerbot/u-boot/spl/arch/arm/lib/eabi_compat.o
 .debug_info    0x00014507      0x18b /usr/local/angstrom/arm/lib/gcc/arm-angstrom-linux-gnueabi/4.3.3/libgcc.a(_udivsi3.o)
 .debug_info    0x00014692      0x18b /usr/local/angstrom/arm/lib/gcc/arm-angstrom-linux-gnueabi/4.3.3/libgcc.a(_divsi3.o)
 .debug_info    0x0001481d      0x18b /usr/local/angstrom/arm/lib/gcc/arm-angstrom-linux-gnueabi/4.3.3/libgcc.a(_dvmd_lnx.o)

.debug_abbrev   0x00000000     0x4b9d
 .debug_abbrev  0x00000000       0x14 arch/arm/cpu/arm926ejs/start.o
 .debug_abbrev  0x00000014     0x162f arch/arm/cpu/arm926ejs/davinci/libdavinci.o
 .debug_abbrev  0x00001643      0x28e arch/arm/cpu/arm926ejs/libarm926ejs.o
 .debug_abbrev  0x000018d1      0x4ce arch/arm/lib/libarm.o
 .debug_abbrev  0x00001d9f      0x37f board/davinci/da8xxevm/libda8xxevm.o
 .debug_abbrev  0x0000211e      0xd3b common/libcommon.o
 .debug_abbrev  0x00002e59      0x25e common/spl/libspl.o
 .debug_abbrev  0x000030b7      0x790 drivers/mtd/spi/libspi_flash.o
 .debug_abbrev  0x00003847      0x3c6 drivers/serial/libserial.o
 .debug_abbrev  0x00003c0d      0x37b drivers/spi/libspi.o
 .debug_abbrev  0x00003f88      0xab8 lib/libgeneric.o
 .debug_abbrev  0x00004a40      0x121 /home/alison/Makerbot/u-boot/spl/arch/arm/lib/eabi_compat.o
 .debug_abbrev  0x00004b61       0x14 /usr/local/angstrom/arm/lib/gcc/arm-angstrom-linux-gnueabi/4.3.3/libgcc.a(_udivsi3.o)
 .debug_abbrev  0x00004b75       0x14 /usr/local/angstrom/arm/lib/gcc/arm-angstrom-linux-gnueabi/4.3.3/libgcc.a(_divsi3.o)
 .debug_abbrev  0x00004b89       0x14 /usr/local/angstrom/arm/lib/gcc/arm-angstrom-linux-gnueabi/4.3.3/libgcc.a(_dvmd_lnx.o)

.debug_aranges  0x00000000      0xbc0
 .debug_aranges
                0x00000000       0x20 arch/arm/cpu/arm926ejs/start.o
 .debug_aranges
                0x00000020      0x290 arch/arm/cpu/arm926ejs/davinci/libdavinci.o
 .debug_aranges
                0x000002b0       0x70 arch/arm/cpu/arm926ejs/libarm926ejs.o
 .debug_aranges
                0x00000320       0xb8 arch/arm/lib/libarm.o
 .debug_aranges
                0x000003d8       0x50 board/davinci/da8xxevm/libda8xxevm.o
 .debug_aranges
                0x00000428      0x298 common/libcommon.o
 .debug_aranges
                0x000006c0       0x38 common/spl/libspl.o
 .debug_aranges
                0x000006f8       0xe8 drivers/mtd/spi/libspi_flash.o
 .debug_aranges
                0x000007e0       0xc8 drivers/serial/libserial.o
 .debug_aranges
                0x000008a8       0x68 drivers/spi/libspi.o
 .debug_aranges
                0x00000910      0x220 lib/libgeneric.o
 .debug_aranges
                0x00000b30       0x30 /home/alison/Makerbot/u-boot/spl/arch/arm/lib/eabi_compat.o
 .debug_aranges
                0x00000b60       0x20 /usr/local/angstrom/arm/lib/gcc/arm-angstrom-linux-gnueabi/4.3.3/libgcc.a(_udivsi3.o)
 .debug_aranges
                0x00000b80       0x20 /usr/local/angstrom/arm/lib/gcc/arm-angstrom-linux-gnueabi/4.3.3/libgcc.a(_divsi3.o)
 .debug_aranges
                0x00000ba0       0x20 /usr/local/angstrom/arm/lib/gcc/arm-angstrom-linux-gnueabi/4.3.3/libgcc.a(_dvmd_lnx.o)

.comment        0x00000000      0x2d0
 .comment       0x00000000       0xea arch/arm/cpu/arm926ejs/davinci/libdavinci.o
 .comment       0x000000ea       0x24 arch/arm/cpu/arm926ejs/libarm926ejs.o
 .comment       0x0000010e       0x36 arch/arm/lib/libarm.o
 .comment       0x00000144       0x12 board/davinci/da8xxevm/libda8xxevm.o
 .comment       0x00000156       0x5a common/libcommon.o
 .comment       0x000001b0       0x12 common/spl/libspl.o
 .comment       0x000001c2       0x48 drivers/mtd/spi/libspi_flash.o
 .comment       0x0000020a       0x24 drivers/serial/libserial.o
 .comment       0x0000022e       0x12 drivers/spi/libspi.o
 .comment       0x00000240       0x7e lib/libgeneric.o
 .comment       0x000002be       0x12 /home/alison/Makerbot/u-boot/spl/arch/arm/lib/eabi_compat.o

.debug_pubnames
                0x00000000     0x1575
 .debug_pubnames
                0x00000000      0x5bf arch/arm/cpu/arm926ejs/davinci/libdavinci.o
 .debug_pubnames
                0x000005bf       0xc6 arch/arm/cpu/arm926ejs/libarm926ejs.o
 .debug_pubnames
                0x00000685      0x124 arch/arm/lib/libarm.o
 .debug_pubnames
                0x000007a9       0xcd board/davinci/da8xxevm/libda8xxevm.o
 .debug_pubnames
                0x00000876      0x558 common/libcommon.o
 .debug_pubnames
                0x00000dce       0x8b common/spl/libspl.o
 .debug_pubnames
                0x00000e59      0x1c2 drivers/mtd/spi/libspi_flash.o
 .debug_pubnames
                0x0000101b      0x164 drivers/serial/libserial.o
 .debug_pubnames
                0x0000117f       0xb7 drivers/spi/libspi.o
 .debug_pubnames
                0x00001236      0x2ed lib/libgeneric.o
 .debug_pubnames
                0x00001523       0x52 /home/alison/Makerbot/u-boot/spl/arch/arm/lib/eabi_compat.o

.debug_frame    0x00000000     0x1a00
 .debug_frame   0x00000000      0x4a0 arch/arm/cpu/arm926ejs/davinci/libdavinci.o
 .debug_frame   0x000004a0       0xc8 arch/arm/cpu/arm926ejs/libarm926ejs.o
 .debug_frame   0x00000568      0x15c arch/arm/lib/libarm.o
 .debug_frame   0x000006c4       0xb4 board/davinci/da8xxevm/libda8xxevm.o
 .debug_frame   0x00000778      0x72c common/libcommon.o
 .debug_frame   0x00000ea4       0x58 common/spl/libspl.o
 .debug_frame   0x00000efc      0x234 drivers/mtd/spi/libspi_flash.o
 .debug_frame   0x00001130      0x1dc drivers/serial/libserial.o
 .debug_frame   0x0000130c       0xec drivers/spi/libspi.o
 .debug_frame   0x000013f8      0x570 lib/libgeneric.o
 .debug_frame   0x00001968       0x40 /home/alison/Makerbot/u-boot/spl/arch/arm/lib/eabi_compat.o
 .debug_frame   0x000019a8       0x2c /usr/local/angstrom/arm/lib/gcc/arm-angstrom-linux-gnueabi/4.3.3/libgcc.a(_udivsi3.o)
 .debug_frame   0x000019d4       0x2c /usr/local/angstrom/arm/lib/gcc/arm-angstrom-linux-gnueabi/4.3.3/libgcc.a(_divsi3.o)

.debug_str      0x00000000     0x391c
 .debug_str     0x00000000     0x12d5 arch/arm/cpu/arm926ejs/davinci/libdavinci.o
                               0x3edb (size before relaxing)
 .debug_str     0x000012d5       0xc8 arch/arm/cpu/arm926ejs/libarm926ejs.o
                                0x4a5 (size before relaxing)
 .debug_str     0x0000139d      0x125 arch/arm/lib/libarm.o
                                0x8d5 (size before relaxing)
 .debug_str     0x000014c2      0x2c1 board/davinci/da8xxevm/libda8xxevm.o
                                0x8ce (size before relaxing)
 .debug_str     0x00001783     0x1777 common/libcommon.o
                               0x2465 (size before relaxing)
 .debug_str     0x00002efa       0xf9 common/spl/libspl.o
                                0x4c9 (size before relaxing)
 .debug_str     0x00002ff3      0x32c drivers/mtd/spi/libspi_flash.o
                                0xd46 (size before relaxing)
 .debug_str     0x0000331f      0x12a drivers/serial/libserial.o
                                0x87b (size before relaxing)
 .debug_str     0x00003449      0x155 drivers/spi/libspi.o
                                0x583 (size before relaxing)
 .debug_str     0x0000359e      0x335 lib/libgeneric.o
                                0xe44 (size before relaxing)
 .debug_str     0x000038d3       0x49 /home/alison/Makerbot/u-boot/spl/arch/arm/lib/eabi_compat.o
                                0x236 (size before relaxing)

.debug_loc      0x00000000     0x70b7
 .debug_loc     0x00000000      0xd6f arch/arm/cpu/arm926ejs/davinci/libdavinci.o
 .debug_loc     0x00000d6f      0x17b arch/arm/cpu/arm926ejs/libarm926ejs.o
 .debug_loc     0x00000eea      0x2a7 arch/arm/lib/libarm.o
 .debug_loc     0x00001191      0x2aa board/davinci/da8xxevm/libda8xxevm.o
 .debug_loc     0x0000143b     0x2660 common/libcommon.o
 .debug_loc     0x00003a9b       0x90 common/spl/libspl.o
 .debug_loc     0x00003b2b      0x975 drivers/mtd/spi/libspi_flash.o
 .debug_loc     0x000044a0      0x45c drivers/serial/libserial.o
 .debug_loc     0x000048fc      0x585 drivers/spi/libspi.o
 .debug_loc     0x00004e81     0x2223 lib/libgeneric.o
 .debug_loc     0x000070a4       0x13 /home/alison/Makerbot/u-boot/spl/arch/arm/lib/eabi_compat.o

.debug_ranges   0x00000000      0xbb8
 .debug_ranges  0x00000000      0x240 arch/arm/cpu/arm926ejs/davinci/libdavinci.o
 .debug_ranges  0x00000240       0x60 arch/arm/cpu/arm926ejs/libarm926ejs.o
 .debug_ranges  0x000002a0       0xa0 arch/arm/lib/libarm.o
 .debug_ranges  0x00000340       0x60 board/davinci/da8xxevm/libda8xxevm.o
 .debug_ranges  0x000003a0      0x2b8 common/libcommon.o
 .debug_ranges  0x00000658       0x30 common/spl/libspl.o
 .debug_ranges  0x00000688       0xe0 drivers/mtd/spi/libspi_flash.o
 .debug_ranges  0x00000768       0xb8 drivers/serial/libserial.o
 .debug_ranges  0x00000820       0x78 drivers/spi/libspi.o
 .debug_ranges  0x00000898      0x2f8 lib/libgeneric.o
 .debug_ranges  0x00000b90       0x28 /home/alison/Makerbot/u-boot/spl/arch/arm/lib/eabi_compat.o

.note.GNU-stack
                0x00000000        0x0
 .note.GNU-stack
                0x00000000        0x0 arch/arm/cpu/arm926ejs/davinci/libdavinci.o
 .note.GNU-stack
                0x00000000        0x0 arch/arm/cpu/arm926ejs/libarm926ejs.o
 .note.GNU-stack
                0x00000000        0x0 arch/arm/lib/libarm.o
 .note.GNU-stack
                0x00000000        0x0 board/davinci/da8xxevm/libda8xxevm.o
 .note.GNU-stack
                0x00000000        0x0 common/libcommon.o
 .note.GNU-stack
                0x00000000        0x0 common/spl/libspl.o
 .note.GNU-stack
                0x00000000        0x0 drivers/mtd/spi/libspi_flash.o
 .note.GNU-stack
                0x00000000        0x0 drivers/serial/libserial.o
 .note.GNU-stack
                0x00000000        0x0 drivers/spi/libspi.o
 .note.GNU-stack
                0x00000000        0x0 lib/libgeneric.o
 .note.GNU-stack
                0x00000000        0x0 /home/alison/Makerbot/u-boot/spl/arch/arm/lib/eabi_compat.o
 .note.GNU-stack
                0x00000000        0x0 /usr/local/angstrom/arm/lib/gcc/arm-angstrom-linux-gnueabi/4.3.3/libgcc.a(_udivsi3.o)
 .note.GNU-stack
                0x00000000        0x0 /usr/local/angstrom/arm/lib/gcc/arm-angstrom-linux-gnueabi/4.3.3/libgcc.a(_divsi3.o)
 .note.GNU-stack
                0x00000000        0x0 /usr/local/angstrom/arm/lib/gcc/arm-angstrom-linux-gnueabi/4.3.3/libgcc.a(_dvmd_lnx.o)
